Script started on 2024-03-13 12:28:13+05:30 [TERM="xterm-256color" TTY="/dev/pts/0" COLUMNS="64" LINES="32"]
[?2004h]0;ssd215@TIGER04468: ~[01;32mssd215@TIGER04468[00m:[01;34m~[00m$ gitexitgit pushremotestatusrestore Hello.txt[11Pstatusrestore Hello.txt[11Pstatusremote[2Ppush[4Pexit[1Pgit clone [7mhttps://github.com/sai-siddartha-[27m[7md[27m[7m/Github_demo[27m[A]0;ssd215@TIGER04468: ~[01;32mssd215@TIGER04468[00m:[01;34m~[00m$ [C[C[C[C[C[C[C[C[C[Chttps://github.com/sai-siddartha-d/Github_demo
[?2004lCloning into 'Github_demo'...
Username for 'https://github.com': sai-siddrat   artha-d
Password for 'https://sai-siddartha-d@github.com': 
remote: Enumerating objects: 3, done.[K
remote: Counting objects:  33% (1/3)[Kremote: Counting objects:  66% (2/3)[Kremote: Counting objects: 100% (3/3)[Kremote: Counting objects: 100% (3/3), done.[K
remote: Total 3 (delta 0), reused 0 (delta 0), pack-reused 0[K
Receiving objects:  33% (1/3)Receiving objects:  66% (2/3)Receiving objects: 100% (3/3)Receiving objects: 100% (3/3), done.
[?2004h]0;ssd215@TIGER04468: ~[01;32mssd215@TIGER04468[00m:[01;34m~[00m$ cd git[K[K[KGithub_demo/
[?2004l[?2004h]0;ssd215@TIGER04468: ~/Github_demo[01;32mssd215@TIGER04468[00m:[01;34m~/Github_demo[00m$ git init
[?2004lReinitialized existing Git repository in /home/ssd215/Github_demo/.git/
[?2004h]0;ssd215@TIGER04468: ~/Github_demo[01;32mssd215@TIGER04468[00m:[01;34m~/Github_demo[00m$ git sat[K[Ktatus
[?2004lOn branch main
Your branch is up to date with 'origin/main'.

nothing to commit, working tree clean
[?2004h]0;ssd215@TIGER04468: ~/Github_demo[01;32mssd215@TIGER04468[00m:[01;34m~/Github_demo[00m$ ls
[?2004lREADME.md
[?2004h]0;ssd215@TIGER04468: ~/Github_demo[01;32mssd215@TIGER04468[00m:[01;34m~/Github_demo[00m$ echo 'My Project'>README
[?2004l[?2004h]0;ssd215@TIGER04468: ~/Github_demo[01;32mssd215@TIGER04468[00m:[01;34m~/Github_demo[00m$ git status
[?2004lOn branch main
Your branch is up to date with 'origin/main'.

Untracked files:
  (use "git add <file>..." to include in what will be committed)
	[31mREADME[m

nothing added to commit but untracked files present (use "git add" to track)
[?2004h]0;ssd215@TIGER04468: ~/Github_demo[01;32mssd215@TIGER04468[00m:[01;34m~/Github_demo[00m$ git add Readm[K[K[K[KEADME
[?2004l[?2004h]0;ssd215@TIGER04468: ~/Github_demo[01;32mssd215@TIGER04468[00m:[01;34m~/Github_demo[00m$ git status
[?2004lOn branch main
Your branch is up to date with 'origin/main'.

Changes to be committed:
  (use "git restore --staged <file>..." to unstage)
	[32mnew file:   README[m

[?2004h]0;ssd215@TIGER04468: ~/Github_demo[01;32mssd215@TIGER04468[00m:[01;34m~/Github_demo[00m$ git add [K[K[K[K[K[K[K[Knano CONTRIBUTU[KING.md
[?2004l[?2004h[?1049h[22;0;0t[1;32r(B[m[4l[?7h[39;49m[?1h=[?1h=[?25l[39;49m(B[m[H[2J[30;27H(B[0;7m[ New File ](B[m[H(B[0;7m  GNU nano 6.2             CONTRIBUTING.md                      [1;63H(B[m[31d(B[0;7m^G(B[m Help     (B[0;7m^O(B[m Write Out(B[0;7m^W(B[m Where Is (B[0;7m^K(B[m Cut[49G(B[0;7m^T(B[m Execute[32d(B[0;7m^X(B[m Exit     (B[0;7m^R(B[m Read File(B[0;7m^\(B[m Replace  (B[0;7m^U(B[m Paste    (B[0;7m^J(B[m Justify[2d[?12l[?25h[?25l[1;44H(B[0;7m*[63G(B[m[?12l[?25h[2d(B[0;1m[33m#[39m(B[m[?25l[?12l[?25h(B[0;1m[33mN[39m(B[m[?25l[?12l[?25h(B[0;1m[33mE[39m(B[m[?25l[?12l[?25h(B[0;1m[33mW[39m(B[m[?25l[30d(B[0;7mSave modified buffer?                                           [31;1H Y(B[m Yes[K[32d(B[0;7m N(B[m No           (B[0;7m^C(B[m Cancel[K[30;23H[?12l[?25h[?25l[31d(B[0;7m^G(B[m Help[31;17H(B[0;7mM-D(B[m DOS Format  (B[0;7mM-A(B[m Append[49G(B[0;7mM-B(B[m Backup File[32d(B[0;7m^C(B[m Cancel[17G(B[0;7mM-M(B[m Mac Format  (B[0;7mM-P(B[m Prepend     (B[0;7m^T(B[m Browse[30d(B[0;7mFile Name to Write: CONTRIBUTING.md(B[m[?12l[?25h[?25l[30;25H[1K (B[0;7m[ Writing... ](B[m[K[1;44H(B[0;7m [63G(B[m[30;25H(B[0;7m[ Wrote 1 line ](B[m[J[32d[?12l[?25h[32;1H[?1049l[23;0;0t[?1l>[?2004l[?2004h]0;ssd215@TIGER04468: ~/Github_demo[01;32mssd215@TIGER04468[00m:[01;34m~/Github_demo[00m$ s[Kd[Kgit at[K[Kstatus
[?2004lOn branch main
Your branch is up to date with 'origin/main'.

Changes to be committed:
  (use "git restore --staged <file>..." to unstage)
	[32mnew file:   README[m

Untracked files:
  (use "git add <file>..." to include in what will be committed)
	[31mCONTRIBUTING.md[m

[?2004h]0;ssd215@TIGER04468: ~/Github_demo[01;32mssd215@TIGER04468[00m:[01;34m~/Github_demo[00m$ git add CONTRIBUTING.md contrib uti[K[K[K[A[C[C[C[C[C[C[C[C[C[C[C[C[C[C[C[C[C[C[C[C[C[C[C[C[C[C[C[C[C[C[C[C[C[C[C[C[C[C[C[C[C[C[C[C[C[C[C[C[C[C[C[C[C[C[C[C[C[C[C[C[C[C[C[K
[K[A[C[C[C[C[C[C[C[C[C[C[C[C[C[C[C[C[C[C[C[C[C[C[C[C[C[C[C[C[C[C[C[C[C[C[C[C[C[C[C[C[C[C[C[C[C[C[C[C[C[C[C[C[C[C[C[C[C[C[C[C[C[C[C[K[K[K[K[K[K[K
[?2004l[?2004h]0;ssd215@TIGER04468: ~/Github_demo[01;32mssd215@TIGER04468[00m:[01;34m~/Github_demo[00m$ git add CONTRIBUTING.mdstatus[K
[?2004lOn branch main
Your branch is up to date with 'origin/main'.

Changes to be committed:
  (use "git restore --staged <file>..." to unstage)
	[32mnew file:   CONTRIBUTING.md[m
	[32mnew file:   README[m

[?2004h]0;ssd215@TIGER04468: ~/Github_demo[01;32mssd215@TIGER04468[00m:[01;34m~/Github_demo[00m$ nano CONTRIBUTING.md 
[?2004l[?2004h[?1049h[22;0;0t[1;32r(B[m[4l[?7h[39;49m[?1h=[?1h=[?25l[39;49m(B[m[H[2J[30;26H(B[0;7m[ Reading... ](B[m[30;25H(B[0;7m[ Read 1 line ](B[m[H(B[0;7m  GNU nano 6.2             CONTRIBUTING.md                      [1;63H(B[m[31d(B[0;7m^G(B[m Help     (B[0;7m^O(B[m Write Out(B[0;7m^W(B[m Where Is (B[0;7m^K(B[m Cut[49G(B[0;7m^T(B[m Execute[32d(B[0;7m^X(B[m Exit     (B[0;7m^R(B[m Read File(B[0;7m^\(B[m Replace  (B[0;7m^U(B[m Paste    (B[0;7m^J(B[m Justify[2d(B[0;1m[33m#NEW[39m(B[m[?12l[?25h[?25l[?12l[?25h[C[?25l[?12l[?25h[C[?25l[?12l[?25h[C[?25l[?12l[?25h[C[?25l[1;44H(B[0;7m*[63G(B[m[3d[?12l[?25h[?25l[?12l[?25h(B[0;1m[33m#[39m(B[m[?25l[?12l[?25h(B[0;1m[33mU[39m(B[m[?25l[?12l[?25h(B[0;1m[33mP[39m(B[m[?25l[?12l[?25h(B[0;1m[33mD[39m(B[m[?25l[?12l[?25h(B[0;1m[33mA[39m(B[m[?25l[?12l[?25h(B[0;1m[33mT[39m(B[m[?25l[?12l[?25h(B[0;1m[33mE[39m(B[m[?25l[30d(B[0;7mSave modified buffer?                                           [31;1H Y(B[m Yes[K[32d(B[0;7m N(B[m No           (B[0;7m^C(B[m Cancel[K[30;23H[?12l[?25h[?25l[31d(B[0;7m^G(B[m Help[31;17H(B[0;7mM-D(B[m DOS Format  (B[0;7mM-A(B[m Append[49G(B[0;7mM-B(B[m Backup File[32d(B[0;7m^C(B[m Cancel[17G(B[0;7mM-M(B[m Mac Format  (B[0;7mM-P(B[m Prepend     (B[0;7m^T(B[m Browse[30d(B[0;7mFile Name to Write: CONTRIBUTING.md(B[m[?12l[?25h[?25l[30;25H[1K (B[0;7m[ Writing... ](B[m[K[1;44H(B[0;7m [63G(B[m[30;24H(B[0;7m[ Wrote 2 lines ](B[m[J[32d[?12l[?25h[32;1H[?1049l[23;0;0t[?1l>[?2004l[?2004h]0;ssd215@TIGER04468: ~/Github_demo[01;32mssd215@TIGER04468[00m:[01;34m~/Github_demo[00m$ git status
[?2004lOn branch main
Your branch is up to date with 'origin/main'.

Changes to be committed:
  (use "git restore --staged <file>..." to unstage)
	[32mnew file:   CONTRIBUTING.md[m
	[32mnew file:   README[m

Changes not staged for commit:
  (use "git add <file>..." to update what will be committed)
  (use "git restore <file>..." to discard changes in working directory)
	[31mmodified:   CONTRIBUTING.md[m

[?2004h]0;ssd215@TIGER04468: ~/Github_demo[01;32mssd215@TIGER04468[00m:[01;34m~/Github_demo[00m$ git statusnano CONTRIBUTING.md 
[?2004l[?2004h[?1049h[22;0;0t[1;32r(B[m[4l[?7h[39;49m[?1h=[?1h=[?25l[39;49m(B[m[H[2J[30;26H(B[0;7m[ Reading... ](B[m[30;25H(B[0;7m[ Read 2 lines ](B[m[H(B[0;7m  GNU nano 6.2             CONTRIBUTING.md                      [1;63H(B[m[31d(B[0;7m^G(B[m Help     (B[0;7m^O(B[m Write Out(B[0;7m^W(B[m Where Is (B[0;7m^K(B[m Cut[49G(B[0;7m^T(B[m Execute[32d(B[0;7m^X(B[m Exit     (B[0;7m^R(B[m Read File(B[0;7m^\(B[m Replace  (B[0;7m^U(B[m Paste    (B[0;7m^J(B[m Justify[2d(B[0;1m[33m#NEW[3d#UPDATE[A[39m(B[m[?12l[?25h[?25l[30d[J[32d[?12l[?25h[32;1H[?1049l[23;0;0t[?1l>[?2004l[?2004h]0;ssd215@TIGER04468: ~/Github_demo[01;32mssd215@TIGER04468[00m:[01;34m~/Github_demo[00m$ nano CONTRIBUTING.md [11Pgit statusnano CONTRIBUTING.md [11Pgit statusadd CONTRIBUTING.mdstatus[Kadd CONTRIBUTING.md
[?2004l[?2004h]0;ssd215@TIGER04468: ~/Github_demo[01;32mssd215@TIGER04468[00m:[01;34m~/Github_demo[00m$ git add CONTRIBUTING.md[2Pnano CONTRIBUTING.md 
[?2004l[?2004h[?1049h[22;0;0t[1;32r(B[m[4l[?7h[39;49m[?1h=[?1h=[?25l[39;49m(B[m[H[2J[30;26H(B[0;7m[ Reading... ](B[m[30;25H(B[0;7m[ Read 2 lines ](B[m[H(B[0;7m  GNU nano 6.2             CONTRIBUTING.md                      [1;63H(B[m[31d(B[0;7m^G(B[m Help     (B[0;7m^O(B[m Write Out(B[0;7m^W(B[m Where Is (B[0;7m^K(B[m Cut[49G(B[0;7m^T(B[m Execute[32d(B[0;7m^X(B[m Exit     (B[0;7m^R(B[m Read File(B[0;7m^\(B[m Replace  (B[0;7m^U(B[m Paste    (B[0;7m^J(B[m Justify[2d(B[0;1m[33m#NEW[3d#UPDATE[A[39m(B[m[?12l[?25h[?25l[?12l[?25h[3d[?25l[?12l[?25h[C[?25l[?12l[?25h[C[?25l[?12l[?25h[C[?25l[?12l[?25h[C[?25l[?12l[?25h[C[?25l[?12l[?25h[C[?25l[?12l[?25h[C[?25l[?12l[?25h[4d[?25l[?12l[?25h[3;8H[?25l[1;44H(B[0;7m*[63G(B[m[?12l[?25h[3;7H [?25l[?12l[?25h [?25l[?12l[?25h [?25l[?12l[?25h [?25l[4d[?12l[?25h[?25l[?12l[?25h(B[0;1m[33m#[39m(B[m[?25l[?12l[?25h(B[0;1m[33mR[39m(B[m[?25l[?12l[?25h(B[0;1m[33mE[39m(B[m[?25l[?12l[?25h(B[0;1m[33m:[39m(B[m[?25l[30d[K[?12l[?25h[4;5H(B[0;1m[33mN[39m(B[m[?25l[?12l[?25h(B[0;1m[33mE[39m(B[m[?25l[?12l[?25h(B[0;1m[33mW[39m(B[m[?25l[30d(B[0;7mSave modified buffer?                                           [31;1H Y(B[m Yes[K[32d(B[0;7m N(B[m No           (B[0;7m^C(B[m Cancel[K[30;23H[?12l[?25h[?25l[31d(B[0;7m^G(B[m Help[31;17H(B[0;7mM-D(B[m DOS Format  (B[0;7mM-A(B[m Append[49G(B[0;7mM-B(B[m Backup File[32d(B[0;7m^C(B[m Cancel[17G(B[0;7mM-M(B[m Mac Format  (B[0;7mM-P(B[m Prepend     (B[0;7m^T(B[m Browse[30d(B[0;7mFile Name to Write: CONTRIBUTING.md(B[m[?12l[?25h[?25l[30;25H[1K (B[0;7m[ Writing... ](B[m[K[1;44H(B[0;7m [63G(B[m[30;24H(B[0;7m[ Wrote 3 lines ](B[m[J[32d[?12l[?25h[32;1H[?1049l[23;0;0t[?1l>[?2004l[?2004h]0;ssd215@TIGER04468: ~/Github_demo[01;32mssd215@TIGER04468[00m:[01;34m~/Github_demo[00m$ git status
[?2004lOn branch main
Your branch is up to date with 'origin/main'.

Changes to be committed:
  (use "git restore --staged <file>..." to unstage)
	[32mnew file:   CONTRIBUTING.md[m
	[32mnew file:   README[m

Changes not staged for commit:
  (use "git add <file>..." to update what will be committed)
  (use "git restore <file>..." to discard changes in working directory)
	[31mmodified:   CONTRIBUTING.md[m

[?2004h]0;ssd215@TIGER04468: ~/Github_demo[01;32mssd215@TIGER04468[00m:[01;34m~/Github_demo[00m$ git statusv[K -s
[?2004l[32mA[m[31mM[m CONTRIBUTING.md
[32mA[m  README
[?2004h]0;ssd215@TIGER04468: ~/Github_demo[01;32mssd215@TIGER04468[00m:[01;34m~/Github_demo[00m$ nano giti[K[K[K[K.gitignore
[?2004l[?2004h[?1049h[22;0;0t[1;32r(B[m[4l[?7h[39;49m[?1h=[?1h=[?25l[39;49m(B[m[H[2J[30;27H(B[0;7m[ New File ](B[m[H(B[0;7m  GNU nano 6.2               .gitignore                         [1;63H(B[m[31d(B[0;7m^G(B[m Help     (B[0;7m^O(B[m Write Out(B[0;7m^W(B[m Where Is (B[0;7m^K(B[m Cut[49G(B[0;7m^T(B[m Execute[32d(B[0;7m^X(B[m Exit     (B[0;7m^R(B[m Read File(B[0;7m^\(B[m Replace  (B[0;7m^U(B[m Paste    (B[0;7m^J(B[m Justify[2d[?12l[?25h[?25l[1;41H(B[0;7m*[63G(B[m[?12l[?25h[2d*[?25l[?12l[?25h.[?25l[?12l[?25hp[?25l[?12l[?25hd[?25l[?12l[?25hf[?25l[30d(B[0;7mSave modified buffer?                                           [31;1H Y(B[m Yes[K[32d(B[0;7m N(B[m No           (B[0;7m^C(B[m Cancel[K[30;23H[?12l[?25h[?25l[31d(B[0;7m^G(B[m Help[31;17H(B[0;7mM-D(B[m DOS Format  (B[0;7mM-A(B[m Append[49G(B[0;7mM-B(B[m Backup File[32d(B[0;7m^C(B[m Cancel[17G(B[0;7mM-M(B[m Mac Format  (B[0;7mM-P(B[m Prepend     (B[0;7m^T(B[m Browse[30d(B[0;7mFile Name to Write: .gitignore(B[m[?12l[?25h[?25l[25G[1K (B[0;7m[ Writing... ](B[m[K[1;41H(B[0;7m [63G(B[m[30;25H(B[0;7m[ Wrote 1 line ](B[m[J[32d[?12l[?25h[32;1H[?1049l[23;0;0t[?1l>[?2004l[?2004h]0;ssd215@TIGER04468: ~/Github_demo[01;32mssd215@TIGER04468[00m:[01;34m~/Github_demo[00m$ git stauts[K[K[Kts[Kus
[?2004lOn branch main
Your branch is up to date with 'origin/main'.

Changes to be committed:
  (use "git restore --staged <file>..." to unstage)
	[32mnew file:   CONTRIBUTING.md[m
	[32mnew file:   README[m

Changes not staged for commit:
  (use "git add <file>..." to update what will be committed)
  (use "git restore <file>..." to discard changes in working directory)
	[31mmodified:   CONTRIBUTING.md[m

Untracked files:
  (use "git add <file>..." to include in what will be committed)
	[31m.gitignore[m

[?2004h]0;ssd215@TIGER04468: ~/Github_demo[01;32mssd215@TIGER04468[00m:[01;34m~/Github_demo[00m$ git diff
[?2004l[?1h=[1mdiff --git a/CONTRIBUTING.md b/CONTRIBUTING.md[m[m
[1mindex b41bab0..b93412f 100644[m[m
[1m--- a/CONTRIBUTING.md[m[m
[1m+++ b/CONTRIBUTING.md[m[m
[36m@@ -1,2 +1,3 @@[m[m
 #NEW[m[m
[31m-#UPDATE[m[m
[32m+[m[32m#UP[m[m
[32m+[m[32m#RE:NEW[m[m
[K[?1l>[?2004h]0;ssd215@TIGER04468: ~/Github_demo[01;32mssd215@TIGER04468[00m:[01;34m~/Github_demo[00m$ git add CONTRIBUTING.md 
[?2004l[?2004h]0;ssd215@TIGER04468: ~/Github_demo[01;32mssd215@TIGER04468[00m:[01;34m~/Github_demo[00m$ git diff
[?2004l[?1h=[K[?1l>[?2004h]0;ssd215@TIGER04468: ~/Github_demo[01;32mssd215@TIGER04468[00m:[01;34m~/Github_demo[00m$ git diffadd CONTRIBUTING.md diff[Kadd CONTRIBUTING.md diff[K[Knano CONTRIBUTING.md 
[?2004l[?2004h[?1049h[22;0;0t[1;32r(B[m[4l[?7h[39;49m[?1h=[?1h=[?25l[39;49m(B[m[H[2J[30;26H(B[0;7m[ Reading... ](B[m[30;25H(B[0;7m[ Read 3 lines ](B[m[H(B[0;7m  GNU nano 6.2             CONTRIBUTING.md                      [1;63H(B[m[31d(B[0;7m^G(B[m Help     (B[0;7m^O(B[m Write Out(B[0;7m^W(B[m Where Is (B[0;7m^K(B[m Cut[49G(B[0;7m^T(B[m Execute[32d(B[0;7m^X(B[m Exit     (B[0;7m^R(B[m Read File(B[0;7m^\(B[m Replace  (B[0;7m^U(B[m Paste    (B[0;7m^J(B[m Justify[2d(B[0;1m[33m#NEW[3d#UP[4d#RE:NEW[2d[39m(B[m[?12l[?25h[?25l[?12l[?25h[3d[?25l[?12l[?25h[C[?25l[?12l[?25h[C[?25l[?12l[?25h[C[?25l[1;44H(B[0;7m*[63G(B[m[?12l[?25h[3;4H(B[0;1m[33md[39m(B[m[?25l[?12l[?25h [?25l[?12l[?25h(B[0;1m[33md[39m(B[m[?25l[?12l[?25h(B[0;1m[33ma[39m(B[m[?25l[?12l[?25h(B[0;1m[33mt[39m(B[m[?25l[?12l[?25h [?25l[?12l[?25h [?25l[?12l[?25h [?25l[?12l[?25h(B[0;1m[33mD[39m(B[m[?25l[?12l[?25h(B[0;1m[33mA[39m(B[m[?25l[?12l[?25h(B[0;1m[33mT[39m(B[m[?25l[?12l[?25h(B[0;1m[33mE[39m(B[m[?25l[30d(B[0;7mSave modified buffer?                                           [31;1H Y(B[m Yes[K[32d(B[0;7m N(B[m No           (B[0;7m^C(B[m Cancel[K[30;23H[?12l[?25h[?25l[31d(B[0;7m^G(B[m Help[31;17H(B[0;7mM-D(B[m DOS Format  (B[0;7mM-A(B[m Append[49G(B[0;7mM-B(B[m Backup File[32d(B[0;7m^C(B[m Cancel[17G(B[0;7mM-M(B[m Mac Format  (B[0;7mM-P(B[m Prepend     (B[0;7m^T(B[m Browse[30d(B[0;7mFile Name to Write: CONTRIBUTING.md(B[m[?12l[?25h[?25l[30;25H[1K (B[0;7m[ Writing... ](B[m[K[1;44H(B[0;7m [63G(B[m[30;24H(B[0;7m[ Wrote 3 lines ](B[m[J[32d[?12l[?25h[32;1H[?1049l[23;0;0t[?1l>[?2004l[?2004h]0;ssd215@TIGER04468: ~/Github_demo[01;32mssd215@TIGER04468[00m:[01;34m~/Github_demo[00m$ nano CONTRIBUTING.md [13Pgit diff
[?2004l[?1h=[1mdiff --git a/CONTRIBUTING.md b/CONTRIBUTING.md[m[m
[1mindex b93412f..016866e 100644[m[m
[1m--- a/CONTRIBUTING.md[m[m
[1m+++ b/CONTRIBUTING.md[m[m
[36m@@ -1,3 +1,3 @@[m[m
 #NEW[m[m
[31m-#UP[m[m
[32m+[m[32m#UPDATE[m[m
 #RE:NEW[m[m
[K[?1l>[?2004h]0;ssd215@TIGER04468: ~/Github_demo[01;32mssd215@TIGER04468[00m:[01;34m~/Github_demo[00m$ git diff --stagd[Ked
[?2004l[?1h=[1mdiff --git a/CONTRIBUTING.md b/CONTRIBUTING.md[m[m
[1mnew file mode 100644[m[m
[1mindex 0000000..b93412f[m[m
[1m--- /dev/null[m[m
[1m+++ b/CONTRIBUTING.md[m[m
[36m@@ -0,0 +1,3 @@[m[m
[32m+[m[32m#NEW[m[m
[32m+[m[32m#UP[m[m
[32m+[m[32m#RE:NEW[m[m
[1mdiff --git a/README b/README[m[m
[1mnew file mode 100644[m[m
[1mindex 0000000..56266d3[m[m
[1m--- /dev/null[m[m
[1m+++ b/README[m[m
[36m@@ -0,0 +1 @@[m[m
[32m+[m[32mMy Project[m[m
[K[?1l>[?2004h]0;ssd215@TIGER04468: ~/Github_demo[01;32mssd215@TIGER04468[00m:[01;34m~/Github_demo[00m$ git diff --staged[K[K[K[K[K[Kcached
[?2004l[?1h=[1mdiff --git a/CONTRIBUTING.md b/CONTRIBUTING.md[m[m
[1mnew file mode 100644[m[m
[1mindex 0000000..b93412f[m[m
[1m--- /dev/null[m[m
[1m+++ b/CONTRIBUTING.md[m[m
[36m@@ -0,0 +1,3 @@[m[m
[32m+[m[32m#NEW[m[m
[32m+[m[32m#UP[m[m
[32m+[m[32m#RE:NEW[m[m
[1mdiff --git a/README b/README[m[m
[1mnew file mode 100644[m[m
[1mindex 0000000..56266d3[m[m
[1m--- /dev/null[m[m
[1m+++ b/README[m[m
[36m@@ -0,0 +1 @@[m[m
[32m+[m[32mMy Project[m[m
[K[?1l>[?2004h]0;ssd215@TIGER04468: ~/Github_demo[01;32mssd215@TIGER04468[00m:[01;34m~/Github_demo[00m$ git add .
[?2004l[?2004h]0;ssd215@TIGER04468: ~/Github_demo[01;32mssd215@TIGER04468[00m:[01;34m~/Github_demo[00m$ git commit
[?2004lhint: Waiting for your editor to close the file... [?2004h[?1049h[22;0;0t[1;32r(B[m[4l[?7h[39;49m[?1h=[?1h=[?25l[39;49m(B[m[H[2J[30;26H(B[0;7m[ Reading... ](B[m[30;24H(B[0;7m[ Read 12 lines ](B[m[H(B[0;7m      /home/ssd215/Github_demo/.git/COMMIT_EDITMSG              [1;63H(B[m[31d(B[0;7m^G(B[m Help     (B[0;7m^O(B[m Write Out(B[0;7m^W(B[m Where Is (B[0;7m^K(B[m Cut[49G(B[0;7m^T(B[m Execute[32d(B[0;7m^X(B[m Exit     (B[0;7m^R(B[m Read File(B[0;7m^\(B[m Replace  (B[0;7m^U(B[m Paste    (B[0;7m^J(B[m Justify[3d[36m# Please enter the commit message for your changes. Lines start[39m(B[0;7m>[4;1H(B[0m[36m# with '#' will be ignored, and an empty message aborts the com[39m(B[0;7m>[5;1H(B[0m[36m#[6d# On branch main[7d# Your branch is up to date with 'origin/main'.[8d#[9d# Changes to be committed:[10d#[38;5;208m       [36mnew file:   .gitignore[11d#[38;5;208m       [36mnew file:   CONTRIBUTING.md[12d#[38;5;208m       [36mnew file:   README[13d#[2d[39m(B[m[?12l[?25h[?25l[1;52H(B[0;7m*[63G(B[m[?12l[?25h[2dF[?25l[?12l[?25hi[?25l[?12l[?25hr[?25l[?12l[?25hs[?25l[?12l[?25ht[?25l[?12l[?25h [?25l[?12l[?25hC[?25l[?12l[?25ho[?25l[?12l[?25hm[?25l[?12l[?25hm[?25l[?12l[?25hi[?25l[?12l[?25ht[?25l7[3;29r8[3dM[1;32r[3;1H[?12l[?25h[?25l[3;29r[29;1H
[1;32r[2;13H[?12l[?25h[?25l[30d(B[0;7mSave modified buffer?                                           [31;1H Y(B[m Yes[K[32d(B[0;7m N(B[m No           (B[0;7m^C(B[m Cancel[K[30;23H[?12l[?25h[?25l[31d(B[0;7m^G(B[m Help[31;17H(B[0;7mM-D(B[m DOS Format  (B[0;7mM-A(B[m Append[49G(B[0;7mM-B(B[m Backup File[32d(B[0;7m^C(B[m Cancel[17G(B[0;7mM-M(B[m Mac Format  (B[0;7mM-P(B[m Prepend     (B[0;7m^T(B[m Browse[30d(B[0;7mFile Name to Write:<SG(B[m[?12l[?25h[?25l  [1K (B[0;7m[ Writing... ](B[m[K[1;52H(B[0;7m [63G(B[m[30;24H(B[0;7m[ Wrote 12 lines ](B[m[J[32d[?12l[?25h[32;1H[?1049l[23;0;0t[?1l>[?2004l[K[main 473440b] First Commit
 3 files changed, 5 insertions(+)
 create mode 100644 .gitignore
 create mode 100644 CONTRIBUTING.md
 create mode 100644 README
[?2004h]0;ssd215@TIGER04468: ~/Github_demo[01;32mssd215@TIGER04468[00m:[01;34m~/Github_demo[00m$ git status
[?2004lOn branch main
Your branch is ahead of 'origin/main' by 1 commit.
  (use "git push" to publish your local commits)

nothing to commit, working tree clean
[?2004h]0;ssd215@TIGER04468: ~/Github_demo[01;32mssd215@TIGER04468[00m:[01;34m~/Github_demo[00m$ ls -1
[?2004lCONTRIBUTING.md
README
README.md
[?2004h]0;ssd215@TIGER04468: ~/Github_demo[01;32mssd215@TIGER04468[00m:[01;34m~/Github_demo[00m$ ls -1[K1[Ks
[?2004ltotal 12
4 CONTRIBUTING.md  4 README  4 README.md
[?2004h]0;ssd215@TIGER04468: ~/Github_demo[01;32mssd215@TIGER04468[00m:[01;34m~/Github_demo[00m$ ls -s[Ka
[?2004l[0m[01;34m.[0m  [01;34m..[0m  [01;34m.git[0m  .gitignore  CONTRIBUTING.md  README  README.md
[?2004h]0;ssd215@TIGER04468: ~/Github_demo[01;32mssd215@TIGER04468[00m:[01;34m~/Github_demo[00m$ nano empty.txt
[?2004l[?2004h[?1049h[22;0;0t[1;32r(B[m[4l[?7h[39;49m[?1h=[?1h=[?25l[39;49m(B[m[H[2J[30;27H(B[0;7m[ New File ](B[m[H(B[0;7m  GNU nano 6.2                empty.txt                         [1;63H(B[m[31d(B[0;7m^G(B[m Help     (B[0;7m^O(B[m Write Out(B[0;7m^W(B[m Where Is (B[0;7m^K(B[m Cut[49G(B[0;7m^T(B[m Execute[32d(B[0;7m^X(B[m Exit     (B[0;7m^R(B[m Read File(B[0;7m^\(B[m Replace  (B[0;7m^U(B[m Paste    (B[0;7m^J(B[m Justify[2d[?12l[?25h[?25l[1;41H(B[0;7m*[63G(B[m[?12l[?25h[2de[?25l[?12l[?25hm[?25l[?12l[?25hp[?25l[?12l[?25ht[?25l[?12l[?25hy[?25l[3d[?12l[?25h[?25l[30d(B[0;7mSave modified buffer?                                           [31;1H Y(B[m Yes[K[32d(B[0;7m N(B[m No           (B[0;7m^C(B[m Cancel[K[30;23H[?12l[?25h[?25l[31d(B[0;7m^G(B[m Help[31;17H(B[0;7mM-D(B[m DOS Format  (B[0;7mM-A(B[m Append[49G(B[0;7mM-B(B[m Backup File[32d(B[0;7m^C(B[m Cancel[17G(B[0;7mM-M(B[m Mac Format  (B[0;7mM-P(B[m Prepend     (B[0;7m^T(B[m Browse[30d(B[0;7mFile Name to Write: empty.txt(B[m[?12l[?25h[?25l[25G[1K (B[0;7m[ Writing... ](B[m[K[1;41H(B[0;7m [63G(B[m[30;24H(B[0;7m[ Wrote 2 lines ](B[m[J[32d[?12l[?25h[32;1H[?1049l[23;0;0t[?1l>[?2004l[?2004h]0;ssd215@TIGER04468: ~/Github_demo[01;32mssd215@TIGER04468[00m:[01;34m~/Github_demo[00m$ 
[?2004l[?2004h]0;ssd215@TIGER04468: ~/Github_demo[01;32mssd215@TIGER04468[00m:[01;34m~/Github_demo[00m$ rm rmpty[K[K[K[K[Krmpty[K[K[K[K[K[K[K[Kgit status[K[K[K[K[K[Kadd .
[?2004l[?2004h]0;ssd215@TIGER04468: ~/Github_demo[01;32mssd215@TIGER04468[00m:[01;34m~/Github_demo[00m$ git add .nano empty.txt[5Pgit add .[Kgit stati[Kus
[?2004lOn branch main
Your branch is ahead of 'origin/main' by 1 commit.
  (use "git push" to publish your local commits)

Changes to be committed:
  (use "git restore --staged <file>..." to unstage)
	[32mnew file:   empty.txt[m

[?2004h]0;ssd215@TIGER04468: ~/Github_demo[01;32mssd215@TIGER04468[00m:[01;34m~/Github_demo[00m$ rm empty.txt 
[?2004l[?2004h]0;ssd215@TIGER04468: ~/Github_demo[01;32mssd215@TIGER04468[00m:[01;34m~/Github_demo[00m$ git d[Kstatus
[?2004lOn branch main
Your branch is ahead of 'origin/main' by 1 commit.
  (use "git push" to publish your local commits)

Changes to be committed:
  (use "git restore --staged <file>..." to unstage)
	[32mnew file:   empty.txt[m

Changes not staged for commit:
  (use "git add/rm <file>..." to update what will be committed)
  (use "git restore <file>..." to discard changes in working directory)
	[31mdeleted:    empty.txt[m

[?2004h]0;ssd215@TIGER04468: ~/Github_demo[01;32mssd215@TIGER04468[00m:[01;34m~/Github_demo[00m$ git rm empty.txt 
[?2004lrm 'empty.txt'
[?2004h]0;ssd215@TIGER04468: ~/Github_demo[01;32mssd215@TIGER04468[00m:[01;34m~/Github_demo[00m$ git sts[Katus
[?2004lOn branch main
Your branch is ahead of 'origin/main' by 1 commit.
  (use "git push" to publish your local commits)

nothing to commit, working tree clean
[?2004h]0;ssd215@TIGER04468: ~/Github_demo[01;32mssd215@TIGER04468[00m:[01;34m~/Github_demo[00m$ git mv README.md RED[KADME
[?2004lfatal: destination exists, source=README.md, destination=README
[?2004h]0;ssd215@TIGER04468: ~/Github_demo[01;32mssd215@TIGER04468[00m:[01;34m~/Github_demo[00m$ ls
[?2004lCONTRIBUTING.md  README  README.md
[?2004h]0;ssd215@TIGER04468: ~/Github_demo[01;32mssd215@TIGER04468[00m:[01;34m~/Github_demo[00m$ lsgit mv README.md README_o[Knew
[?2004l[?2004h]0;ssd215@TIGER04468: ~/Github_demo[01;32mssd215@TIGER04468[00m:[01;34m~/Github_demo[00m$ git status
[?2004lOn branch main
Your branch is ahead of 'origin/main' by 1 commit.
  (use "git push" to publish your local commits)

Changes to be committed:
  (use "git restore --staged <file>..." to unstage)
	[32mrenamed:    README.md -> README_new[m

[?2004h]0;ssd215@TIGER04468: ~/Github_demo[01;32mssd215@TIGER04468[00m:[01;34m~/Github_demo[00m$ git restore --staged README-[K_new [A[C[C[C[C[C[C[C[C[C[C[C[C[C[C[C[C[C[C[C[C[C[C[C[C[C[C[C[C[C[C[C[C[C[C[C[C[C[C[C[C[C[C[C[C[C[C[C[C[C[C[C[C[C[C[C[C[C[C[C[C[C[C[C[Kw
[?2004l[?2004h]0;ssd215@TIGER04468: ~/Github_demo[01;32mssd215@TIGER04468[00m:[01;34m~/Github_demo[00m$ git status
[?2004lOn branch main
Your branch is ahead of 'origin/main' by 1 commit.
  (use "git push" to publish your local commits)

Changes to be committed:
  (use "git restore --staged <file>..." to unstage)
	[32mdeleted:    README.md[m

Untracked files:
  (use "git add <file>..." to include in what will be committed)
	[31mREADME_new[m

[?2004h]0;ssd215@TIGER04468: ~/Github_demo[01;32mssd215@TIGER04468[00m:[01;34m~/Github_demo[00m$ git statusrestore --staged README_new [A[C[C[C[C[C[C[C[C[C[C[C[C[C[C[C[C[C[C[C[C[C[C[C[C[C[C[C[C[C[C[C[C[C[C[C[C[C[C[C[C[C[C[C[C[C[C[C[C[C[C[C[C[C[C[C[C[C[C[C[C[C[C[C
[A[C[C[C[C[C[C[C[C[C[C[C[C[C[C[C[C[C[C[C[C[C[C[C[C[C[C[C[C[C[C[C[C[C[C[C[C[C[C[C[C[C[C[C[C[C[C[C[C[C[C[C[C[C[C[C[C[C[C[C[C[C[C[C[K
[K[A[C[C[C[C[C[C[C[C[C[C[C[C[C[C[C[C[C[C[C[C[C[C[C[C[C[C[C[C[C[C[C[C[C[C[C[C[C[C[C[C[C[C[C[C[C[C[C[C[C[C[C[C[C[C[C[C[C[C[C[C[C[C[C[K[K[K.mf[Kd
[?2004l[?2004h]0;ssd215@TIGER04468: ~/Github_demo[01;32mssd215@TIGER04468[00m:[01;34m~/Github_demo[00m$ git restore --staged README.mdstatus[K
[?2004lOn branch main
Your branch is ahead of 'origin/main' by 1 commit.
  (use "git push" to publish your local commits)

Changes not staged for commit:
  (use "git add/rm <file>..." to update what will be committed)
  (use "git restore <file>..." to discard changes in working directory)
	[31mdeleted:    README.md[m

Untracked files:
  (use "git add <file>..." to include in what will be committed)
	[31mREADME_new[m

no changes added to commit (use "git add" and/or "git commit -a")
[?2004h]0;ssd215@TIGER04468: ~/Github_demo[01;32mssd215@TIGER04468[00m:[01;34m~/Github_demo[00m$ git statusrestore --staged README.md[1PREADME.md[1PREADME.md[1PREADME.md[1PREADME.md[1PREADME.md[1PREADME.md[1PREADME.md[1PREADME.md[1PREADME.md[1PREADME.md README.md
[?2004l[?2004h]0;ssd215@TIGER04468: ~/Github_demo[01;32mssd215@TIGER04468[00m:[01;34m~/Github_demo[00m$ git restore README.md[11Pstatus
[?2004lOn branch main
Your branch is ahead of 'origin/main' by 1 commit.
  (use "git push" to publish your local commits)

Untracked files:
  (use "git add <file>..." to include in what will be committed)
	[31mREADME_new[m

nothing added to commit but untracked files present (use "git add" to track)
[?2004h]0;ssd215@TIGER04468: ~/Github_demo[01;32mssd215@TIGER04468[00m:[01;34m~/Github_demo[00m$ ls -a
[?2004l[0m[01;34m.[0m   [01;34m.git[0m        CONTRIBUTING.md  README.md
[01;34m..[0m  .gitignore  README           README_new
[?2004h]0;ssd215@TIGER04468: ~/Github_demo[01;32mssd215@TIGER04468[00m:[01;34m~/Github_demo[00m$ git rm RENAME_new
[?2004lfatal: pathspec 'RENAME_new' did not match any files
[?2004h]0;ssd215@TIGER04468: ~/Github_demo[01;32mssd215@TIGER04468[00m:[01;34m~/Github_demo[00m$ git rm RENAME_new[1P_new[1P_new[1P_new[1P_newA_newD_newM_newE_new
[?2004lfatal: pathspec 'README_new' did not match any files
[?2004h]0;ssd215@TIGER04468: ~/Github_demo[01;32mssd215@TIGER04468[00m:[01;34m~/Github_demo[00m$ ls -a
[?2004l[0m[01;34m.[0m   [01;34m.git[0m        CONTRIBUTING.md  README.md
[01;34m..[0m  .gitignore  README           README_new
[?2004h]0;ssd215@TIGER04468: ~/Github_demo[01;32mssd215@TIGER04468[00m:[01;34m~/Github_demo[00m$ ls -agit rm README_new[1P[1P[1P[1P
[?2004l[?2004h]0;ssd215@TIGER04468: ~/Github_demo[01;32mssd215@TIGER04468[00m:[01;34m~/Github_demo[00m$ rm README_new[8Pls -agit rm README_new
[?2004lfatal: pathspec 'README_new' did not match any files
[?2004h]0;ssd215@TIGER04468: ~/Github_demo[01;32mssd215@TIGER04468[00m:[01;34m~/Github_demo[00m$ ls
[?2004lCONTRIBUTING.md  README  README.md
[?2004h]0;ssd215@TIGER04468: ~/Github_demo[01;32mssd215@TIGER04468[00m:[01;34m~/Github_demo[00m$ ls -a
[?2004l[0m[01;34m.[0m  [01;34m..[0m  [01;34m.git[0m  .gitignore  CONTRIBUTING.md  README  README.md
[?2004h]0;ssd215@TIGER04468: ~/Github_demo[01;32mssd215@TIGER04468[00m:[01;34m~/Github_demo[00m$ git statt[Ks[Ki[Kus
[?2004lOn branch main
Your branch is ahead of 'origin/main' by 1 commit.
  (use "git push" to publish your local commits)

nothing to commit, working tree clean
[?2004h]0;ssd215@TIGER04468: ~/Github_demo[01;32mssd215@TIGER04468[00m:[01;34m~/Github_demo[00m$ git log
[?2004l[?1h=[33mcommit 473440bd44a35011113a6d532592c852a4fae4e6[m[33m ([m[1;36mHEAD -> [m[1;32mmain[m[33m)[m[m
Author: Sai Siddartha D <sai.siddartha@tigeranalytics.com>[m
Date:   Wed Mar 13 12:55:39 2024 +0530[m
[m
    First Commit[m
[m
[33mcommit ada5b64b4dca604d358a4d385393ef41e0230f75[m[33m ([m[1;31morigin/main[m[33m, [m[1;31mor[m [33m[m[33m[m[1;31m[m[33m[m[1;31migin/HEAD[m[33m)[m[m
Author: sai-siddartha-d <162670203+sai-siddartha-d@users.noreply[m .github.com>[m
Date:   Wed Mar 13 10:46:59 2024 +0530[m
[m
    Initial commit[m
[K[?1l>[?2004h]0;ssd215@TIGER04468: ~/Github_demo[01;32mssd215@TIGER04468[00m:[01;34m~/Github_demo[00m$ git log -p -2
[?2004l[?1h=[33mcommit 473440bd44a35011113a6d532592c852a4fae4e6[m[33m ([m[1;36mHEAD -> [m[1;32mmain[m[33m)[m[m
Author: Sai Siddartha D <sai.siddartha@tigeranalytics.com>[m
Date:   Wed Mar 13 12:55:39 2024 +0530[m
[m
    First Commit[m
[m
[1mdiff --git a/.gitignore b/.gitignore[m[m
[1mnew file mode 100644[m[m
[1mindex 0000000..a136337[m[m
[1m--- /dev/null[m[m
[1m+++ b/.gitignore[m[m
[36m@@ -0,0 +1 @@[m[m
[32m+[m[32m*.pdf[m[m
[1mdiff --git a/CONTRIBUTING.md b/CONTRIBUTING.md[m[m
[1mnew file mode 100644[m[m
[1mindex 0000000..016866e[m[m
[1m--- /dev/null[m[m
[1m+++ b/CONTRIBUTING.md[m[m
[36m@@ -0,0 +1,3 @@[m[m
[32m+[m[32m#NEW[m[m
[32m+[m[32m#UPDATE[m[m
[32m+[m[32m#RE:NEW[m[m
[1mdiff --git a/README b/README[m[m
[1mnew file mode 100644[m[m
[1mindex 0000000..56266d3[m[m
[1m--- /dev/null[m[m
[1m+++ b/README[m[m
[36m@@ -0,0 +1 @@[m[m
[32m+[m[32mMy Project[m[m
[m
[33mcommit ada5b64b4dca604d358a4d385393ef41e0230f75[m[33m ([m[1;31morigin/main[m[33m, [m[1;31mor[m :[K[K[33m[m[33m[m[1;31m[m[33m[m[1;31migin/HEAD[m[33m)[m[m
:[K[K:[K[K:[K[KAuthor: sai-siddartha-d <162670203+sai-siddartha-d@users.noreply[m :[K[K:[K[H[2J[HDate:   Wed Mar 13 12:55:39 2024 +0530[m
[m
    First Commit[m
[m
[1mdiff --git a/.gitignore b/.gitignore[m[m
[1mnew file mode 100644[m[m
[1mindex 0000000..a136337[m[m
[1m--- /dev/null[m[m
[1m+++ b/.gitignore[m[m
[36m@@ -0,0 +1 @@[m[m
[32m+[m[32m*.pdf[m[m
[1mdiff --git a/CONTRIBUTING.md b/CONTRIBUTING.md[m[m
[1mnew file mode 100644[m[m
[1mindex 0000000..016866e[m[m
[1m--- /dev/null[m[m
[1m+++ b/CONTRIBUTING.md[m[m
[36m@@ -0,0 +1,3 @@[m[m
[32m+[m[32m#NEW[m[m
[32m+[m[32m#UPDATE[m[m
[32m+[m[32m#RE:NEW[m[m
[1mdiff --git a/README b/README[m[m
[1mnew file mode 100644[m[m
[1mindex 0000000..56266d3[m[m
[1m--- /dev/null[m[m
[1m+++ b/README[m[m
[36m@@ -0,0 +1 @@[m[m
[32m+[m[32mMy Project[m[m
[m
[33mcommit ada5b64b4dca604d358a4d385393ef41e0230f75[m[33m ([m[1;31morigin/main[m[33m, [m[1;31morigin/HEAD[m[33m)[m[m
Author: sai-siddartha-d <162670203+sai-siddartha-d@users.noreply.github.com>[m
Date:   Wed Mar 13 10:46:59 2024 +0530[m
[m
:[K[K[?1l>[?2004h]0;ssd215@TIGER04468: ~/Github_demo[01;32mssd215@TIGER04468[00m:[01;34m~/Github_demo[00m$ [K]0;ssd215@TIGER04468: ~/Github_demo[01;32mssd215@TIGER04468[00m:[01;34m~/Github_demo[00m$ [7mgit log --pretty=oneline[27mgit log --pretty=oneline
[?2004l[?1h=[33m473440bd44a35011113a6d532592c852a4fae4e6[m[33m ([m[1;36mHEAD -> [m[1;32mmain[m[33m)[m First Co[m [33m[m[33m[m[1;36m[m[1;32m[m[33m[mmmit[m
[33mada5b64b4dca604d358a4d385393ef41e0230f75[m[33m ([m[1;31morigin/main[m[33m, [m[1;31morigin/HE[m [33m[m[33m[m[1;31m[m[33m[m[1;31mAD[m[33m)[m Initial commit[m
[K[?1l>[?2004h]0;ssd215@TIGER04468: ~/Github_demo[01;32mssd215@TIGER04468[00m:[01;34m~/Github_demo[00m$ [7mgit log --pretty=format:"%h - %[27m[7ma[27m[7mn, %ar : %s"[27m[A]0;ssd215@TIGER04468: ~/Github_demo[01;32mssd215@TIGER04468[00m:[01;34m~/Github_demo[00m$ git log --pretty=format:"%h - %an, %ar : %s"
[?2004l[?1h=473440b - Sai Siddartha D, 18 minutes ago : First Commit[m
ada5b64 - sai-siddartha-d, 2 hours ago : Initial commit[m
[K[?1l>[?2004h]0;ssd215@TIGER04468: ~/Github_demo[01;32mssd215@TIGER04468[00m:[01;34m~/Github_demo[00m$ go[Kit log -- ~/Github_demo/logs
[?2004l[?1h=[K[?1l>[?2004h]0;ssd215@TIGER04468: ~/Github_demo[01;32mssd215@TIGER04468[00m:[01;34m~/Github_demo[00m$ ls
[?2004lCONTRIBUTING.md  README  README.md
[?2004h]0;ssd215@TIGER04468: ~/Github_demo[01;32mssd215@TIGER04468[00m:[01;34m~/Github_demo[00m$ ls -a
[?2004l[0m[01;34m.[0m  [01;34m..[0m  [01;34m.git[0m  .gitignore  CONTRIBUTING.md  README  README.md
[?2004h]0;ssd215@TIGER04468: ~/Github_demo[01;32mssd215@TIGER04468[00m:[01;34m~/Github_demo[00m$ git status
[?2004lOn branch main
Your branch is ahead of 'origin/main' by 1 commit.
  (use "git push" to publish your local commits)

nothing to commit, working tree clean
[?2004h]0;ssd215@TIGER04468: ~/Github_demo[01;32mssd215@TIGER04468[00m:[01;34m~/Github_demo[00m$ nano CONTRIBUTING.md 
[?2004l[?2004h[?1049h[22;0;0t[1;32r(B[m[4l[?7h[39;49m[?1h=[?1h=[?25l[39;49m(B[m[H[2J[30;26H(B[0;7m[ Reading... ](B[m[30;25H(B[0;7m[ Read 3 lines ](B[m[H(B[0;7m  GNU nano 6.2             CONTRIBUTING.md                      [1;63H(B[m[31d(B[0;7m^G(B[m Help     (B[0;7m^O(B[m Write Out(B[0;7m^W(B[m Where Is (B[0;7m^K(B[m Cut[49G(B[0;7m^T(B[m Execute[32d(B[0;7m^X(B[m Exit     (B[0;7m^R(B[m Read File(B[0;7m^\(B[m Replace  (B[0;7m^U(B[m Paste    (B[0;7m^J(B[m Justify[2d(B[0;1m[33m#NEW[3d#UPDATE[4d#RE:NEW[2d[39m(B[m[?12l[?25h[?25l[?12l[?25h[C[?25l[?12l[?25h[C[?25l[?12l[?25h[C[?25l[?12l[?25h[C[?25l[1;44H(B[0;7m*[63G(B[m[3;29r[3;1HM[1;32r[3;1H[?12l[?25h[?25l[?12l[?25h(B[0;1m[33m#[39m(B[m[?25l[30d(B[0;7mSave modified buffer?                                           [31;1H Y(B[m Yes[K[32d(B[0;7m N(B[m No           (B[0;7m^C(B[m Cancel[K[30;23H[?12l[?25h[?25l[31d(B[0;7m^G(B[m Help[31;17H(B[0;7mM-D(B[m DOS Format  (B[0;7mM-A(B[m Append[49G(B[0;7mM-B(B[m Backup File[32d(B[0;7m^C(B[m Cancel[17G(B[0;7mM-M(B[m Mac Format  (B[0;7mM-P(B[m Prepend     (B[0;7m^T(B[m Browse[30d(B[0;7mFile Name to Write: CONTRIBUTING.md(B[m[?12l[?25h[?25l[30;25H[1K (B[0;7m[ Writing... ](B[m[K[1;44H(B[0;7m [63G(B[m[30;24H(B[0;7m[ Wrote 4 lines ](B[m[J[32d[?12l[?25h[32;1H[?1049l[23;0;0t[?1l>[?2004l[?2004h]0;ssd215@TIGER04468: ~/Github_demo[01;32mssd215@TIGER04468[00m:[01;34m~/Github_demo[00m$ git commit --ammed[K[K[Kend
[?2004lhint: Waiting for your editor to close the file... [?2004h[?1049h[22;0;0t[1;32r(B[m[4l[?7h[39;49m[?1h=[?1h=[?25l[39;49m(B[m[H[2J[30;26H(B[0;7m[ Reading... ](B[m[30;24H(B[0;7m[ Read 19 lines ](B[m[H(B[0;7m      /home/ssd215/Github_demo/.git/COMMIT_EDITMSG              [1;63H(B[m[31d(B[0;7m^G(B[m Help     (B[0;7m^O(B[m Write Out(B[0;7m^W(B[m Where Is (B[0;7m^K(B[m Cut[49G(B[0;7m^T(B[m Execute[32d(B[0;7m^X(B[m Exit     (B[0;7m^R(B[m Read File(B[0;7m^\(B[m Replace  (B[0;7m^U(B[m Paste    (B[0;7m^J(B[m Justify[2dFirst Commit[4d[36m# Please enter the commit message for your changes. Lines start[39m(B[0;7m>[5;1H(B[0m[36m# with '#' will be ignored, and an empty message aborts the com[39m(B[0;7m>[6;1H(B[0m[36m#[7d# Date:      Wed Mar 13 12:55:39 2024 +0530[8d#[9d# On branch main[10d# Your branch is ahead of 'origin/main' by 1 commit.[11d#   (use "git push" to publish your local commits)[12d#[13d# Changes to be committed:[14d#[38;5;208m       [36mnew file:   .gitignore[15d#[38;5;208m       [36mnew file:   CONTRIBUTING.md[16d#[38;5;208m       [36mnew file:   README[17d#[18d# Changes not staged for commit:[19d#[38;5;208m       [36mmodified:   CONTRIBUTING.md[20d#[2d[39m(B[m[?12l[?25h[?25l[30d[J[32d[?12l[?25h[32;1H[?1049l[23;0;0t[?1l>[?2004l[K[main fd17733] First Commit
 Date: Wed Mar 13 12:55:39 2024 +0530
 3 files changed, 5 insertions(+)
 create mode 100644 .gitignore
 create mode 100644 CONTRIBUTING.md
 create mode 100644 README
[?2004h]0;ssd215@TIGER04468: ~/Github_demo[01;32mssd215@TIGER04468[00m:[01;34m~/Github_demo[00m$ git status
[?2004lOn branch main
Your branch is ahead of 'origin/main' by 1 commit.
  (use "git push" to publish your local commits)

Changes not staged for commit:
  (use "git add <file>..." to update what will be committed)
  (use "git restore <file>..." to discard changes in working directory)
	[31mmodified:   CONTRIBUTING.md[m

no changes added to commit (use "git add" and/or "git commit -a")
[?2004h]0;ssd215@TIGER04468: ~/Github_demo[01;32mssd215@TIGER04468[00m:[01;34m~/Github_demo[00m$ git add CONTRIBUTING.md 
[?2004l[?2004h]0;ssd215@TIGER04468: ~/Github_demo[01;32mssd215@TIGER04468[00m:[01;34m~/Github_demo[00m$ git commit --amed
[?2004lerror: unknown option `amed'
usage: git commit [<options>] [--] <pathspec>...

    -q, --quiet           suppress summary after successful commit
    -v, --verbose         show diff in commit message template

Commit message options
    -F, --file <file>     read message from file
    --author <author>     override author for commit
    --date <date>         override date for commit
    -m, --message <message>
                          commit message
    -c, --reedit-message <commit>
                          reuse and edit message from specified commit
    -C, --reuse-message <commit>
                          reuse message from specified commit
    --fixup [(amend|reword):]commit
                          use autosquash formatted message to fixup or amend/reword specified commit
    --squash <commit>     use autosquash formatted message to squash specified commit
    --reset-author        the commit is authored by me now (used with -C/-c/--amend)
    --trailer <trailer>   add custom trailer(s)
    -s, --signoff         add a Signed-off-by trailer
    -t, --template <file>
                          use specified template file
    -e, --edit            force edit of commit
    --cleanup <mode>      how to strip spaces and #comments from message
    --status              include status in commit message template
    -S, --gpg-sign[=<key-id>]
                          GPG sign commit

Commit contents options
    -a, --all             commit all changed files
    -i, --include         add specified files to index for commit
    --interactive         interactively add files
    -p, --patch           interactively add changes
    -o, --only            commit only specified files
    -n, --no-verify       bypass pre-commit and commit-msg hooks
    --dry-run             show what would be committed
    --short               show status concisely
    --branch              show branch information
    --ahead-behind        compute full ahead/behind values
    --porcelain           machine-readable output
    --long                show status in long format (default)
    -z, --null            terminate entries with NUL
    --amend               amend previous commit
    --no-post-rewrite     bypass post-rewrite hook
    -u, --untracked-files[=<mode>]
                          show untracked files, optional modes: all, normal, no. (Default: all)
    --pathspec-from-file <file>
                          read pathspec from file
    --pathspec-file-nul   with --pathspec-from-file, pathspec elements are separated with NUL character

[?2004h]0;ssd215@TIGER04468: ~/Github_demo[01;32mssd215@TIGER04468[00m:[01;34m~/Github_demo[00m$ git commit --amedmd[1Pdnd
[?2004lhint: Waiting for your editor to close the file... [?2004h[?1049h[22;0;0t[1;32r(B[m[4l[?7h[39;49m[?1h=[?1h=[?25l[39;49m(B[m[H[2J[30;26H(B[0;7m[ Reading... ](B[m[30;24H(B[0;7m[ Read 16 lines ](B[m[H(B[0;7m      /home/ssd215/Github_demo/.git/COMMIT_EDITMSG              [1;63H(B[m[31d(B[0;7m^G(B[m Help     (B[0;7m^O(B[m Write Out(B[0;7m^W(B[m Where Is (B[0;7m^K(B[m Cut[49G(B[0;7m^T(B[m Execute[32d(B[0;7m^X(B[m Exit     (B[0;7m^R(B[m Read File(B[0;7m^\(B[m Replace  (B[0;7m^U(B[m Paste    (B[0;7m^J(B[m Justify[2dFirst Commit[4d[36m# Please enter the commit message for your changes. Lines start[39m(B[0;7m>[5;1H(B[0m[36m# with '#' will be ignored, and an empty message aborts the com[39m(B[0;7m>[6;1H(B[0m[36m#[7d# Date:      Wed Mar 13 12:55:39 2024 +0530[8d#[9d# On branch main[10d# Your branch is ahead of 'origin/main' by 1 commit.[11d#   (use "git push" to publish your local commits)[12d#[13d# Changes to be committed:[14d#[38;5;208m       [36mnew file:   .gitignore[15d#[38;5;208m       [36mnew file:   CONTRIBUTING.md[16d#[38;5;208m       [36mnew file:   README[17d#[2d[39m(B[m[?12l[?25h[?25l[30d[J[32d[?12l[?25h[32;1H[?1049l[23;0;0t[?1l>[?2004l[K[main f75358b] First Commit
 Date: Wed Mar 13 12:55:39 2024 +0530
 3 files changed, 6 insertions(+)
 create mode 100644 .gitignore
 create mode 100644 CONTRIBUTING.md
 create mode 100644 README
[?2004h]0;ssd215@TIGER04468: ~/Github_demo[01;32mssd215@TIGER04468[00m:[01;34m~/Github_demo[00m$ git[K[K[Knano CONTRIBUTING.md 
[?2004l[?2004h[?1049h[22;0;0t[1;32r(B[m[4l[?7h[39;49m[?1h=[?1h=[?25l[39;49m(B[m[H[2J[30;26H(B[0;7m[ Reading... ](B[m[30;25H(B[0;7m[ Read 4 lines ](B[m[H(B[0;7m  GNU nano 6.2             CONTRIBUTING.md                      [1;63H(B[m[31d(B[0;7m^G(B[m Help     (B[0;7m^O(B[m Write Out(B[0;7m^W(B[m Where Is (B[0;7m^K(B[m Cut[49G(B[0;7m^T(B[m Execute[32d(B[0;7m^X(B[m Exit     (B[0;7m^R(B[m Read File(B[0;7m^\(B[m Replace  (B[0;7m^U(B[m Paste    (B[0;7m^J(B[m Justify[2d(B[0;1m[33m#NEW[3d#[4d#UPDATE[5d#RE:NEW[2d[39m(B[m[?12l[?25h[?25l[?12l[?25h[3d[?25l[1;44H(B[0;7m*[63G(B[m[?12l[?25h[3d[K[?25l[30d(B[0;7mSave modified buffer?                                           [31;1H Y(B[m Yes[K[32d(B[0;7m N(B[m No           (B[0;7m^C(B[m Cancel[K[30;23H[?12l[?25h[?25l[31d(B[0;7m^G(B[m Help[31;17H(B[0;7mM-D(B[m DOS Format  (B[0;7mM-A(B[m Append[49G(B[0;7mM-B(B[m Backup File[32d(B[0;7m^C(B[m Cancel[17G(B[0;7mM-M(B[m Mac Format  (B[0;7mM-P(B[m Prepend     (B[0;7m^T(B[m Browse[30d(B[0;7mFile Name to Write: CONTRIBUTING.md(B[m[?12l[?25h[?25l[30;25H[1K (B[0;7m[ Writing... ](B[m[K[1;44H(B[0;7m [63G(B[m[30;24H(B[0;7m[ Wrote 4 lines ](B[m[J[32d[?12l[?25h[32;1H[?1049l[23;0;0t[?1l>[?2004l[?2004h]0;ssd215@TIGER04468: ~/Github_demo[01;32mssd215@TIGER04468[00m:[01;34m~/Github_demo[00m$ git add *
[?2004l[?2004h]0;ssd215@TIGER04468: ~/Github_demo[01;32mssd215@TIGER04468[00m:[01;34m~/Github_demo[00m$ l[Kgit add *nano CONTRIBUTING.md [3Pgit commit --amend[1Pdadd CONTRIBUTING.md status[K
[?2004lOn branch main
Your branch is ahead of 'origin/main' by 1 commit.
  (use "git push" to publish your local commits)

Changes to be committed:
  (use "git restore --staged <file>..." to unstage)
	[32mmodified:   CONTRIBUTING.md[m

[?2004h]0;ssd215@TIGER04468: ~/Github_demo[01;32mssd215@TIGER04468[00m:[01;34m~/Github_demo[00m$ git reset C[KHEAD CONTRIBUTING.md
[?2004lUnstaged changes after reset:
M	CONTRIBUTING.md
[?2004h]0;ssd215@TIGER04468: ~/Github_demo[01;32mssd215@TIGER04468[00m:[01;34m~/Github_demo[00m$ git [K[K[K[Kgit reset HEAD CONTRIBUTING.mdstatus[K[1Padd *nano CONTRIBUTING.md 
[?2004l[?2004h[?1049h[22;0;0t[1;32r(B[m[4l[?7h[39;49m[?1h=[?1h=[?25l[39;49m(B[m[H[2J[30;26H(B[0;7m[ Reading... ](B[m[30;25H(B[0;7m[ Read 4 lines ](B[m[H(B[0;7m  GNU nano 6.2             CONTRIBUTING.md                      [1;63H(B[m[31d(B[0;7m^G(B[m Help     (B[0;7m^O(B[m Write Out(B[0;7m^W(B[m Where Is (B[0;7m^K(B[m Cut[49G(B[0;7m^T(B[m Execute[32d(B[0;7m^X(B[m Exit     (B[0;7m^R(B[m Read File(B[0;7m^\(B[m Replace  (B[0;7m^U(B[m Paste    (B[0;7m^J(B[m Justify[2d(B[0;1m[33m#NEW[4d#UPDATE[5d#RE:NEW[2d[39m(B[m[?12l[?25h[?25l[?12l[?25h[3d[?25l[1;44H(B[0;7m*[63G(B[m[?12l[?25h[3d(B[0;1m[33m#[39m(B[m[?25l[?12l[?25h(B[0;1m[33mN[39m(B[m[?25l[?12l[?25h(B[0;1m[33mE[39m(B[m[?25l[?12l[?25h(B[0;1m[33mW[39m(B[m[?25l[?12l[?25h(B[0;1m[33mE[39m(B[m[?25l[?12l[?25h(B[0;1m[33mR[39m(B[m[?25l[30d(B[0;7mSave modified buffer?                                           [31;1H Y(B[m Yes[K[32d(B[0;7m N(B[m No           (B[0;7m^C(B[m Cancel[K[30;23H[?12l[?25h[?25l[31d(B[0;7m^G(B[m Help[31;17H(B[0;7mM-D(B[m DOS Format  (B[0;7mM-A(B[m Append[49G(B[0;7mM-B(B[m Backup File[32d(B[0;7m^C(B[m Cancel[17G(B[0;7mM-M(B[m Mac Format  (B[0;7mM-P(B[m Prepend     (B[0;7m^T(B[m Browse[30d(B[0;7mFile Name to Write: CONTRIBUTING.md(B[m[?12l[?25h[?25l[30;25H[1K (B[0;7m[ Writing... ](B[m[K[1;44H(B[0;7m [63G(B[m[30;24H(B[0;7m[ Wrote 4 lines ](B[m[J[32d[?12l[?25h[32;1H[?1049l[23;0;0t[?1l>[?2004l[?2004h]0;ssd215@TIGER04468: ~/Github_demo[01;32mssd215@TIGER04468[00m:[01;34m~/Github_demo[00m$ git checkotu[K[K[Kout -- CONTRIBUTING.md [A[C[C[C[C[C[C[C[C[C[C[C[C[C[C[C[C[C[C[C[C[C[C[C[C[C[C[C[C[C[C[C[C[C[C[C[C[C[C[C[C[C[C[C[C[C[C[C[C[C[C[C[C[C[C[C[C[C[C[C[C[C[C[C[Kd
[?2004l[?2004h]0;ssd215@TIGER04468: ~/Github_demo[01;32mssd215@TIGER04468[00m:[01;34m~/Github_demo[00m$ git checkout -- CONTRIBUTING.md [A[C[C[C[C[C[C[C[C[C[C[C[C[C[C[C[C[C[C[C[C[C[C[C[C[C[C[C[C[C[C[C[C[C[10Pnano CONTRIBUTING.md 
[K[A[C[C[C[C[C[C[C[C[C[C[C[C[C[C[C[C[C[C[C[C[C[C[C[C[C[C[C[C[C[C[C[C[C[C[C[C[C[C[C[C[C[C[C[C[C[C[C[C[C[C[C[C[C[Cgit reset HEAD CONTRIBUTING.mdstatus[K
[?2004lOn branch main
Your branch is ahead of 'origin/main' by 1 commit.
  (use "git push" to publish your local commits)

nothing to commit, working tree clean
[?2004h]0;ssd215@TIGER04468: ~/Github_demo[01;32mssd215@TIGER04468[00m:[01;34m~/Github_demo[00m$ git statuscheckout -- CONTRIBUTING.md [A[C[C[C[C[C[C[C[C[C[C[C[C[C[C[C[C[C[C[C[C[C[C[C[C[C[C[C[C[C[C[C[C[C[10Pnano CONTRIBUTING.md 
[K[A[C[C[C[C[C[C[C[C[C[C[C[C[C[C[C[C[C[C[C[C[C[C[C[C[C[C[C[C[C[C[C[C[C[C[C[C[C[C[C[C[C[C[C[C[C[C[C[C[C[C[C[C[C[C
[?2004l[?2004h[?1049h[22;0;0t[1;32r(B[m[4l[?7h[39;49m[?1h=[?1h=[?25l[39;49m(B[m[H[2J[30;26H(B[0;7m[ Reading... ](B[m[30;25H(B[0;7m[ Read 4 lines ](B[m[H(B[0;7m  GNU nano 6.2             CONTRIBUTING.md                      [1;63H(B[m[31d(B[0;7m^G(B[m Help     (B[0;7m^O(B[m Write Out(B[0;7m^W(B[m Where Is (B[0;7m^K(B[m Cut[49G(B[0;7m^T(B[m Execute[32d(B[0;7m^X(B[m Exit     (B[0;7m^R(B[m Read File(B[0;7m^\(B[m Replace  (B[0;7m^U(B[m Paste    (B[0;7m^J(B[m Justify[2d(B[0;1m[33m#NEW[3d#[4d#UPDATE[5d#RE:NEW[2d[39m(B[m[?12l[?25h[?25l[?12l[?25h[3d[?25l[?12l[?25h[C[?25l[1;44H(B[0;7m*[63G(B[m[?12l[?25h[3;2H(B[0;1m[33mN[39m(B[m[?25l[?12l[?25h(B[0;1m[33mE[39m(B[m[?25l[?12l[?25h(B[0;1m[33mW[39m(B[m[?25l[?12l[?25h(B[0;1m[33mR[39m(B[m[?25l[?12l[?25h(B[0;1m[33mE[39m(B[m[?25l[30d(B[0;7mSave modified buffer?                                           [31;1H Y(B[m Yes[K[32d(B[0;7m N(B[m No           (B[0;7m^C(B[m Cancel[K[30;23H[?12l[?25h[?25l[31d(B[0;7m^G(B[m Help[31;17H(B[0;7mM-D(B[m DOS Format  (B[0;7mM-A(B[m Append[49G(B[0;7mM-B(B[m Backup File[32d(B[0;7m^C(B[m Cancel[17G(B[0;7mM-M(B[m Mac Format  (B[0;7mM-P(B[m Prepend     (B[0;7m^T(B[m Browse[30d(B[0;7mFile Name to Write: CONTRIBUTING.md(B[m[?12l[?25h[?25l[30;25H[1K (B[0;7m[ Writing... ](B[m[K[1;44H(B[0;7m [63G(B[m[30;24H(B[0;7m[ Wrote 4 lines ](B[m[J[32d[?12l[?25h[32;1H[?1049l[23;0;0t[?1l>[?2004l[?2004h]0;ssd215@TIGER04468: ~/Github_demo[01;32mssd215@TIGER04468[00m:[01;34m~/Github_demo[00m$ git restore --d[Kstaged CONTRIBUTING.md
[?2004l[?2004h]0;ssd215@TIGER04468: ~/Github_demo[01;32mssd215@TIGER04468[00m:[01;34m~/Github_demo[00m$ git status
[?2004lOn branch main
Your branch is ahead of 'origin/main' by 1 commit.
  (use "git push" to publish your local commits)

Changes not staged for commit:
  (use "git add <file>..." to update what will be committed)
  (use "git restore <file>..." to discard changes in working directory)
	[31mmodified:   CONTRIBUTING.md[m

no changes added to commit (use "git add" and/or "git commit -a")
[?2004h]0;ssd215@TIGER04468: ~/Github_demo[01;32mssd215@TIGER04468[00m:[01;34m~/Github_demo[00m$ git statusrestore --staged CONTRIBUTING.md[A[C[C[C[C[C[C[C[C[C[C[C[C[C[C[C[C[C[C[C[C[C[C[C[C[C[C[C[C[C[C[C[C[C[C[C[C[C[C[C[C[C[C[C[C[C[C[C[C[C[C[C[C[C[C[C[C[C[C[C[C[C[C[CCONTRIBUTING[1P.md[A]0;ssd215@TIGER04468: ~/Github_demo[01;32mssd215@TIGER04468[00m:[01;34m~/Github_demo[00m$ [C[C[C[C[C[C[C[C[C[C[C[C[C[C[C[C[C[C[C[CCONTRIBUTING.[1Pmd[A]0;ssd215@TIGER04468: ~/Github_demo[01;32mssd215@TIGER04468[00m:[01;34m~/Github_demo[00m$ [C[C[C[C[C[C[C[C[C[C[C[C[C[C[C[C[C[C[CCONTRIBUTING.m[1Pd[A]0;ssd215@TIGER04468: ~/Github_demo[01;32mssd215@TIGER04468[00m:[01;34m~/Github_demo[00m$ [C[C[C[C[C[C[C[C[C[C[C[C[C[C[C[C[C[CCONTRIBUTING.md[K[A]0;ssd215@TIGER04468: ~/Github_demo[01;32mssd215@TIGER04468[00m:[01;34m~/Github_demo[00m$ [C[C[C[C[C[C[C[C[C[C[C[C[C[C[C[C[CCONTRIBUTING.md [K[A[C[C[C[C[C[C[C[C[C[C[C[C[C[C[C[C[C[C[C[C[C[C[C[C[C[C[C[C[C[C[C[C[C[C[C[C[C[C[C[C[C[C[C[C[C[C[C[C[C[1PCONTRIBUTING.md
[K[A[C[C[C[C[C[C[C[C[C[C[C[C[C[C[C[C[C[C[C[C[C[C[C[C[C[C[C[C[C[C[C[C[C[C[C[C[C[C[C[C[C[C[C[C[C[C[C[C[1PCONTRIBUTING.md[1PCONTRIBUTING.md[1PCONTRIBUTING.md
[?2004l[?2004h]0;ssd215@TIGER04468: ~/Github_demo[01;32mssd215@TIGER04468[00m:[01;34m~/Github_demo[00m$ git restore CONTRIBUTING.mdstatus[K
[?2004lOn branch main
Your branch is ahead of 'origin/main' by 1 commit.
  (use "git push" to publish your local commits)

nothing to commit, working tree clean
[?2004h]0;ssd215@TIGER04468: ~/Github_demo[01;32mssd215@TIGER04468[00m:[01;34m~/Github_demo[00m$ git remote
[?2004lorigin
[?2004h]0;ssd215@TIGER04468: ~/Github_demo[01;32mssd215@TIGER04468[00m:[01;34m~/Github_demo[00m$ git remote -v
[?2004lorigin	https://github.com/sai-siddartha-d/Github_demo (fetch)
origin	https://github.com/sai-siddartha-d/Github_demo (push)
[?2004h]0;ssd215@TIGER04468: ~/Github_demo[01;32mssd215@TIGER04468[00m:[01;34m~/Github_demo[00m$ git fetchorigin[K[K[K[K[K[K[K[K[K[K[K[K[K[K[Kgit fetch orih[Kgin
[?2004lUsername for 'https://github.com': ^C
[?2004h]0;ssd215@TIGER04468: ~/Github_demo[01;32mssd215@TIGER04468[00m:[01;34m~/Github_demo[00m$ git pull
[?2004lUsername for 'https://github.com': sai-siddartha-d
Password for 'https://sai-siddartha-d@github.com': 
Already up to date.
[?2004h]0;ssd215@TIGER04468: ~/Github_demo[01;32mssd215@TIGER04468[00m:[01;34m~/Github_demo[00m$ git push origin main
[?2004lUsername for 'https://github.com': sai-siddartha-d
Password for 'https://sai-siddartha-d@github.com': 
Enumerating objects: 6, done.
Counting objects:  16% (1/6)Counting objects:  33% (2/6)Counting objects:  50% (3/6)Counting objects:  66% (4/6)Counting objects:  83% (5/6)Counting objects: 100% (6/6)Counting objects: 100% (6/6), done.
Delta compression using up to 12 threads
Compressing objects:  50% (1/2)Compressing objects: 100% (2/2)Compressing objects: 100% (2/2), done.
Writing objects:  20% (1/5)Writing objects:  40% (2/5)Writing objects:  60% (3/5)Writing objects:  80% (4/5)Writing objects: 100% (5/5)Writing objects: 100% (5/5), 414 bytes | 414.00 KiB/s, done.
Total 5 (delta 0), reused 0 (delta 0), pack-reused 0
To https://github.com/sai-siddartha-d/Github_demo
   ada5b64..f75358b  main -> main
[?2004h]0;ssd215@TIGER04468: ~/Github_demo[01;32mssd215@TIGER04468[00m:[01;34m~/Github_demo[00m$ git remote shoe[Kw origin
[?2004lUsername for 'https://github.com': sai-siddartha-d
Password for 'https://sai-siddartha-d@github.com': 
* remote origin
  Fetch URL: https://github.com/sai-siddartha-d/Github_demo
  Push  URL: https://github.com/sai-siddartha-d/Github_demo
  HEAD branch: main
  Remote branch:
    main tracked
  Local branch configured for 'git pull':
    main merges with remote main
  Local ref configured for 'git push':
    main pushes to main (up to date)
[?2004h]0;ssd215@TIGER04468: ~/Github_demo[01;32mssd215@TIGER04468[00m:[01;34m~/Github_demo[00m$ git tag
[?2004l[?1h=[K[?1l>[?2004h]0;ssd215@TIGER04468: ~/Github_demo[01;32mssd215@TIGER04468[00m:[01;34m~/Github_demo[00m$ git tag -l
[?2004l[?1h=[K[?1l>[?2004h]0;ssd215@TIGER04468: ~/Github_demo[01;32mssd215@TIGER04468[00m:[01;34m~/Github_demo[00m$ git tag -a v.14[K[K[K1.4 -m M[K"ve[K[Kmy version  1.4"
[?2004l[?2004h]0;ssd215@TIGER04468: ~/Github_demo[01;32mssd215@TIGER04468[00m:[01;34m~/Github_demo[00m$ gig[Kt tag
[?2004l[?1h=v1.4[m
[K[?1l>[?2004h]0;ssd215@TIGER04468: ~/Github_demo[01;32mssd215@TIGER04468[00m:[01;34m~/Github_demo[00m$ git show v1.4
[?2004l[?1h=[33mtag v1.4[m[m
Tagger: Sai Siddartha D <sai.siddartha@tigeranalytics.com>[m
Date:   Wed Mar 13 13:30:14 2024 +0530[m
[m
my version 1.4[m
[m
[33mcommit f75358b668d3f7e3f53e7a25a826340b67ac5714[m[33m ([m[1;36mHEAD -> [m[1;32mmain[m[33m, [m[1;33mt[m [33m[m[33m[m[1;36m[m[1;32m[m[33m[m[1;33mag: v1.4[m[33m, [m[1;31morigin/main[m[33m, [m[1;31morigin/HEAD[m[33m)[m[m
Author: Sai Siddartha D <sai.siddartha@tigeranalytics.com>[m
Date:   Wed Mar 13 12:55:39 2024 +0530[m
[m
    First Commit[m
[m
[1mdiff --git a/.gitignore b/.gitignore[m[m
[1mnew file mode 100644[m[m
[1mindex 0000000..a136337[m[m
[1m--- /dev/null[m[m
[1m+++ b/.gitignore[m[m
[36m@@ -0,0 +1 @@[m[m
[32m+[m[32m*.pdf[m[m
[1mdiff --git a/CONTRIBUTING.md b/CONTRIBUTING.md[m[m
[1mnew file mode 100644[m[m
[1mindex 0000000..049d322[m[m
[1m--- /dev/null[m[m
[1m+++ b/CONTRIBUTING.md[m[m
[36m@@ -0,0 +1,4 @@[m[m
[32m+[m[32m#NEW[m[m
[32m+[m[32m#[m[m
[32m+[m[32m#UPDATE[m[m
[32m+[m[32m#RE:NEW[m[m
[1mdiff --git a/README b/README[m[m
:[K[K[?1l>[?2004h]0;ssd215@TIGER04468: ~/Github_demo[01;32mssd215@TIGER04468[00m:[01;34m~/Github_demo[00m$ git show v1.4[Kgit[K[K[K[7mgit log --pretty=oneline[27mgit log --pretty=oneline
[?2004l[?1h=[33mf75358b668d3f7e3f53e7a25a826340b67ac5714[m[33m ([m[1;36mHEAD -> [m[1;32mmain[m[33m, [m[1;33mtag: v1.[m [33m[m[33m[m[1;36m[m[1;32m[m[33m[m[1;33m4[m[33m, [m[1;31morigin/main[m[33m, [m[1;31morigin/HEAD[m[33m)[m First Commit[m
[33mada5b64b4dca604d358a4d385393ef41e0230f75[m Initial commit[m
[K[?1l>[?2004h]0;ssd215@TIGER04468: ~/Github_demo[01;32mssd215@TIGER04468[00m:[01;34m~/Github_demo[00m$ [7mgit tag -a v1.2[27mgit tag -a v1.2 ada5b64b4
[?2004lhint: Waiting for your editor to close the file... [?2004h[?1049h[22;0;0t[1;32r(B[m[4l[?7h[39;49m[?1h=[?1h=[?25l[39;49m(B[m[H[2J[30;26H(B[0;7m[ Reading... ](B[m[30;25H(B[0;7m[ Read 5 lines ](B[m[H(B[0;7m       /home/ssd215/Github_demo/.git/TAG_EDITMSG                [1;63H(B[m[31d(B[0;7m^G(B[m Help     (B[0;7m^O(B[m Write Out(B[0;7m^W(B[m Where Is (B[0;7m^K(B[m Cut[49G(B[0;7m^T(B[m Execute[32d(B[0;7m^X(B[m Exit     (B[0;7m^R(B[m Read File(B[0;7m^\(B[m Replace  (B[0;7m^U(B[m Paste    (B[0;7m^J(B[m Justify[3d[36m#[4d# Write a message for tag:[5d#   v1.2[6d# Lines starting with '#' will be ignored.[2d[39m(B[m[?12l[?25h[?25l[1;50H(B[0;7m*[63G(B[m[?12l[?25h[2dI[?25l[30d(B[0;7mSave modified buffer?                                           [31;1H Y(B[m Yes[K[32d(B[0;7m N(B[m No           (B[0;7m^C(B[m Cancel[K[30;23H[?12l[?25h[?25l[J[32d[?12l[?25h[32;1H[?1049l[23;0;0t[?1l>[?2004l[Kfatal: no tag message?
[?2004h]0;ssd215@TIGER04468: ~/Github_demo[01;32mssd215@TIGER04468[00m:[01;34m~/Github_demo[00m$ git tag -l
[?2004l[?1h=v1.4[m
[K[?1l>[?2004h]0;ssd215@TIGER04468: ~/Github_demo[01;32mssd215@TIGER04468[00m:[01;34m~/Github_demo[00m$ git push origin --tags
[?2004lUsername for 'https://github.com': sai-ss iddartha-d
Password for 'https://sai-siddartha-d@github.com': 
Enumerating objects: 1, done.
Counting objects: 100% (1/1)Counting objects: 100% (1/1), done.
Writing objects: 100% (1/1)Writing objects: 100% (1/1), 174 bytes | 174.00 KiB/s, done.
Total 1 (delta 0), reused 0 (delta 0), pack-reused 0
To https://github.com/sai-siddartha-d/Github_demo
 * [new tag]         v1.4 -> v1.4
[?2004h]0;ssd215@TIGER04468: ~/Github_demo[01;32mssd215@TIGER04468[00m:[01;34m~/Github_demo[00m$ git tag -[K[K[K[K[K[K status
[?2004lOn branch main
Your branch is up to date with 'origin/main'.

nothing to commit, working tree clean
[?2004h]0;ssd215@TIGER04468: ~/Github_demo[01;32mssd215@TIGER04468[00m:[01;34m~/Github_demo[00m$ git statuspush origin --tags[12Pstatus[Kgit tag -d v1.4
[?2004lDeleted tag 'v1.4' (was 98c8d6c)
[?2004h]0;ssd215@TIGER04468: ~/Github_demo[01;32mssd215@TIGER04468[00m:[01;34m~/Github_demo[00m$ git tag -d v1.4[5Pstatuspush origin --tags[12Ptag -la v1.2 ada5b64b4[1Plog --pretty=oneline
[?2004l[?1h=[33mf75358b668d3f7e3f53e7a25a826340b67ac5714[m[33m ([m[1;36mHEAD -> [m[1;32mmain[m[33m, [m[1;31morigin/m[m [33m[m[33m[m[1;36m[m[1;32m[m[33m[m[1;31main[m[33m, [m[1;31morigin/HEAD[m[33m)[m First Commit[m
[33mada5b64b4dca604d358a4d385393ef41e0230f75[m Initial commit[m
[K[?1l>[?2004h]0;ssd215@TIGER04468: ~/Github_demo[01;32mssd215@TIGER04468[00m:[01;34m~/Github_demo[00m$ [7mgit push origin :refs/tags/v1.4[27m [A[C[C[C[C[C[C[C[C[C[C[C[C[C[C[C[C[C[C[C[C[C[C[C[C[C[C[C[C[C[C[C[C[Cgit push origin :refs/tags/v1.4 [A[C[C[C[C[C[C[C[C[C[C[C[C[C[C[C[C[C[C[C[C[C[C[C[C[C[C[C[C[C[C[C[C[C[C[C[C[C[C[C[C[C[C[C[C[C[C[C[C[C[C[C[C[C[C[C[C[C[C[C[C[C[C[C[K4
[?2004lUsername for 'https://github.com': sai-siddartha-d
Password for 'https://sai-siddartha-d@github.com': 
To https://github.com/sai-siddartha-d/Github_demo
 - [deleted]         v1.4
[?2004h]0;ssd215@TIGER04468: ~/Github_demo[01;32mssd215@TIGER04468[00m:[01;34m~/Github_demo[00m$ git checkout v2.0.0
[?2004lerror: pathspec 'v2.0.0' did not match any file(s) known to git
[?2004h]0;ssd215@TIGER04468: ~/Github_demo[01;32mssd215@TIGER04468[00m:[01;34m~/Github_demo[00m$ [7m git config --global alias.co c[27m[7mh[27m[7meckout[27m[A]0;ssd215@TIGER04468: ~/Github_demo[01;32mssd215@TIGER04468[00m:[01;34m~/Github_demo[00m$  git config --global alias.co checkout
[?2004l[?2004h]0;ssd215@TIGER04468: ~/Github_demo[01;32mssd215@TIGER04468[00m:[01;34m~/Github_demo[00m$ [7mgit config --global alias.unsta[27m[7mg[27m[7me 'reset HEAD --'[27m[A]0;ssd215@TIGER04468: ~/Github_demo[01;32mssd215@TIGER04468[00m:[01;34m~/Github_demo[00m$ git config --global alias.unstage 'reset HEAD --'
[?2004l[?2004h]0;ssd215@TIGER04468: ~/Github_demo[01;32mssd215@TIGER04468[00m:[01;34m~/Github_demo[00m$ [7mgit config --global alias.last [27m[7m'[27m[7mlog -1 HEAD'[27m[A]0;ssd215@TIGER04468: ~/Github_demo[01;32mssd215@TIGER04468[00m:[01;34m~/Github_demo[00m$ git config --global alias.last 'log -1 HEAD'
[?2004l[?2004h]0;ssd215@TIGER04468: ~/Github_demo[01;32mssd215@TIGER04468[00m:[01;34m~/Github_demo[00m$ git add README[K[K[K[K[K[K[K[K[K[K[K[K[K[Kgit branch tesi[Kting
[?2004l[?2004h]0;ssd215@TIGER04468: ~/Github_demo[01;32mssd215@TIGER04468[00m:[01;34m~/Github_demo[00m$ git branch testing[Kgit log --oneline --decorate
[?2004l[?1h=[33mf75358b[m[33m ([m[1;36mHEAD -> [m[1;32mmain[m[33m, [m[1;31morigin/main[m[33m, [m[1;31morigin/HEAD[m[33m, [m[1;32mtesting[m[33m)[m First [m [33m[m[33m[m[1;36m[m[1;32m[m[33m[m[1;31m[m[33m[m[1;31m[m[33m[m[1;32m[m[33m[mCommit[m
[33mada5b64[m Initial commit[m
[K[?1l>[?2004h]0;ssd215@TIGER04468: ~/Github_demo[01;32mssd215@TIGER04468[00m:[01;34m~/Github_demo[00m$ git checkout tesring
[?2004lerror: pathspec 'tesring' did not match any file(s) known to git
[?2004h]0;ssd215@TIGER04468: ~/Github_demo[01;32mssd215@TIGER04468[00m:[01;34m~/Github_demo[00m$ git checkout tesring[1Pingting
[?2004lSwitched to branch 'testing'
[?2004h]0;ssd215@TIGER04468: ~/Github_demo[01;32mssd215@TIGER04468[00m:[01;34m~/Github_demo[00m$ nano test.rb
[?2004l[?2004h[?1049h[22;0;0t[1;32r(B[m[4l[?7h[39;49m[?1h=[?1h=[?25l[39;49m(B[m[H[2J[30;27H(B[0;7m[ New File ](B[m[H(B[0;7m  GNU nano 6.2                 test.rb                          [1;63H(B[m[31d(B[0;7m^G(B[m Help     (B[0;7m^O(B[m Write Out(B[0;7m^W(B[m Where Is (B[0;7m^K(B[m Cut[49G(B[0;7m^T(B[m Execute[32d(B[0;7m^X(B[m Exit     (B[0;7m^R(B[m Read File(B[0;7m^\(B[m Replace  (B[0;7m^U(B[m Paste    (B[0;7m^J(B[m Justify[2d[?12l[?25h[?25l[1;40H(B[0;7m*[63G(B[m[?12l[?25h[2d[36m#[39m(B[m[?25l[?12l[?25h[36mn[39m(B[m[?25l[?12l[?25h[36me[39m(B[m[?25l[?12l[?25h[36mw[39m(B[m[?25l[3d[?12l[?25h[?25l[30d(B[0;7mSave modified buffer?                                           [31;1H Y(B[m Yes[K[32d(B[0;7m N(B[m No           (B[0;7m^C(B[m Cancel[K[30;23H[?12l[?25h[?25l[31d(B[0;7m^G(B[m Help[31;17H(B[0;7mM-D(B[m DOS Format  (B[0;7mM-A(B[m Append[49G(B[0;7mM-B(B[m Backup File[32d(B[0;7m^C(B[m Cancel[17G(B[0;7mM-M(B[m Mac Format  (B[0;7mM-P(B[m Prepend     (B[0;7m^T(B[m Browse[30d(B[0;7mFile Name to Write: test.rb(B[m[?12l[?25h[?25l[1K (B[0;7m[ Writing... ](B[m[K[1;40H(B[0;7m [63G(B[m[30;24H(B[0;7m[ Wrote 2 lines ](B[m[J[32d[?12l[?25h[32;1H[?1049l[23;0;0t[?1l>[?2004l[?2004h]0;ssd215@TIGER04468: ~/Github_demo[01;32mssd215@TIGER04468[00m:[01;34m~/Github_demo[00m$ git commit -a -a[Km "MAKE[K[K[Kake a C[Kchange "
[?2004lOn branch testing
Untracked files:
  (use "git add <file>..." to include in what will be committed)
	[31mtest.rb[m

nothing added to commit but untracked files present (use "git add" to track)
[?2004h]0;ssd215@TIGER04468: ~/Github_demo[01;32mssd215@TIGER04468[00m:[01;34m~/Github_demo[00m$ git add .
[?2004l[?2004h]0;ssd215@TIGER04468: ~/Github_demo[01;32mssd215@TIGER04468[00m:[01;34m~/Github_demo[00m$ git add .commit -a -m "Make a change"
[?2004l[testing 21c950e] Make a change
 1 file changed, 2 insertions(+)
 create mode 100644 test.rb
[?2004h]0;ssd215@TIGER04468: ~/Github_demo[01;32mssd215@TIGER04468[00m:[01;34m~/Github_demo[00m$ git checkout main
[?2004lSwitched to branch 'main'
Your branch is up to date with 'origin/main'.
[?2004h]0;ssd215@TIGER04468: ~/Github_demo[01;32mssd215@TIGER04468[00m:[01;34m~/Github_demo[00m$ git log checkout mainommit -a -m "Make a change"[A]0;ssd215@TIGER04468: ~/Github_demo[01;32mssd215@TIGER04468[00m:[01;34m~/Github_demo[00m$ [C[C[C[Cadd .[K
[K[A[C[C[C[C[C[C[C[C[C[C[C[C[C[C[C[C[C[C[C[C[C[C[C[C[C[C[C[C[C[C[C[C[C[C[C[C[C[C[C[C[C[Ccommit -a -m "Make a change"[A]0;ssd215@TIGER04468: ~/Github_demo[01;32mssd215@TIGER04468[00m:[01;34m~/Github_demo[00m$ [19Pnano test.rb
[K[A[C[C[C[C[C[C[C[C[C[C[C[C[C[C[C[C[C[C[C[C[C[C[C[C[C[C[C[C[C[C[C[C[C[C[C[C[C[C[C[C[C[C[C[C[Cgit checkout testingringlog --oneline --decorate
[?2004l[?1h=[33mf75358b[m[33m ([m[1;36mHEAD -> [m[1;32mmain[m[33m, [m[1;31morigin/main[m[33m, [m[1;31morigin/HEAD[m[33m)[m First Commit[m
[33mada5b64[m Initial commit[m
[K[?1l>[?2004h]0;ssd215@TIGER04468: ~/Github_demo[01;32mssd215@TIGER04468[00m:[01;34m~/Github_demo[00m$ git ll[Kog testing
[?2004l[?1h=[33mcommit 21c950e661f745ef8b8a31354e202ec6d9d86ab0[m[33m ([m[1;32mtesting[m[33m)[m[m
Author: Sai Siddartha D <sai.siddartha@tigeranalytics.com>[m
Date:   Wed Mar 13 13:42:05 2024 +0530[m
[m
    Make a change[m
[m
[33mcommit f75358b668d3f7e3f53e7a25a826340b67ac5714[m[33m ([m[1;36mHEAD -> [m[1;32mmain[m[33m, [m[1;31mo[m [33m[m[33m[m[1;36m[m[1;32m[m[33m[m[1;31mrigin/main[m[33m, [m[1;31morigin/HEAD[m[33m)[m[m
Author: Sai Siddartha D <sai.siddartha@tigeranalytics.com>[m
Date:   Wed Mar 13 12:55:39 2024 +0530[m
[m
    First Commit[m
[m
[33mcommit ada5b64b4dca604d358a4d385393ef41e0230f75[m[m
Author: sai-siddartha-d <162670203+sai-siddartha-d@users.noreply[m .github.com>[m
Date:   Wed Mar 13 10:46:59 2024 +0530[m
[m
    Initial commit[m
[K[?1l>[?2004h]0;ssd215@TIGER04468: ~/Github_demo[01;32mssd215@TIGER04468[00m:[01;34m~/Github_demo[00m$ git merge testing
[?2004lUpdating f75358b..21c950e
Fast-forward
 test.rb | 2 [32m++[m
 1 file changed, 2 insertions(+)
 create mode 100644 test.rb
[?2004h]0;ssd215@TIGER04468: ~/Github_demo[01;32mssd215@TIGER04468[00m:[01;34m~/Github_demo[00m$ git branch -d testing
[?2004lDeleted branch testing (was 21c950e).
[?2004h]0;ssd215@TIGER04468: ~/Github_demo[01;32mssd215@TIGER04468[00m:[01;34m~/Github_demo[00m$ git stt[Katus
[?2004lOn branch main
Your branch is ahead of 'origin/main' by 1 commit.
  (use "git push" to publish your local commits)

nothing to commit, working tree clean
[?2004h]0;ssd215@TIGER04468: ~/Github_demo[01;32mssd215@TIGER04468[00m:[01;34m~/Github_demo[00m$ git branch
[?2004l[?1h=* [32mmain[m[m
[K[?1l>[?2004h]0;ssd215@TIGER04468: ~/Github_demo[01;32mssd215@TIGER04468[00m:[01;34m~/Github_demo[00m$ git push origin \[K[K[K[K[K[K[K[K[K[K[K[K[K[K[K[K[Kgit branch [K[K[K[K[K[K[Kpush origin main
[?2004lUsername for 'https://github.com': sai-siddartha-d
Password for 'https://sai-siddartha-d@github.com': 
Enumerating objects: 4, done.
Counting objects:  25% (1/4)Counting objects:  50% (2/4)Counting objects:  75% (3/4)Counting objects: 100% (4/4)Counting objects: 100% (4/4), done.
Delta compression using up to 12 threads
Compressing objects:  50% (1/2)Compressing objects: 100% (2/2)Compressing objects: 100% (2/2), done.
Writing objects:  33% (1/3)Writing objects:  66% (2/3)Writing objects: 100% (3/3)Writing objects: 100% (3/3), 288 bytes | 288.00 KiB/s, done.
Total 3 (delta 1), reused 0 (delta 0), pack-reused 0
remote: Resolving deltas:   0% (0/1)[Kremote: Resolving deltas: 100% (1/1)[Kremote: Resolving deltas: 100% (1/1), completed with 1 local object.[K
To https://github.com/sai-siddartha-d/Github_demo
   f75358b..21c950e  main -> main
[?2004h]0;ssd215@TIGER04468: ~/Github_demo[01;32mssd215@TIGER04468[00m:[01;34m~/Github_demo[00m$ gig[Kt branch -vv
[?2004l[?1h=* [32mmain[m 21c950e [[34morigin/main[m] Make a change[m
[K[?1l>[?2004h]0;ssd215@TIGER04468: ~/Github_demo[01;32mssd215@TIGER04468[00m:[01;34m~/Github_demo[00m$ exit
[?2004lexit

Script done on 2024-03-13 14:31:42+05:30 [COMMAND_EXIT_CODE="0"]
